Test successful from 2026-02-23
